// Jest Snapshot v1, https://goo.gl/fbAQLP

exports[`Policy Page snapshot 1`] = `
Object {
  "asFragment": [Function],
  "baseElement": <body>
    <div>
      <h1
        class="typography__component_h1nzy typography__styrene-xsmall_qohs3 typography__bold_h1nzy"
      >
        Политика в отношении обработки персональных данных
      </h1>
      <ol>
        <li>
          <div
            class="gap__gap_t9kgt gap__vertical_t9kgt"
            data-gap-size="xl"
          />
          <span
            class="typography__primary-medium_xcdcz typography__bold_xcdcz"
          >
            Общие положения
          </span>
          <div
            class="gap__gap_t9kgt gap__vertical_t9kgt"
            data-gap-size="s"
          />
          <span
            class="typography__primary-medium_xcdcz typography__bold_xcdcz"
          >
            Настоящая политика обработки персональных данных составлена в соответствии с требованиями Федерального закона от 27.07.2006. №152-ФЗ «О персональных данных» и определяет порядок обработки персональных данных и меры по обеспечению безопасности персональных данных ООО «Альфа Фьюче Пипл» (далее – Оператор).
          </span>
          <div
            class="gap__gap_t9kgt gap__vertical_t9kgt"
            data-gap-size="s"
          />
          <ol>
            <li>
              <span
                class="typography__primary-medium_xcdcz typography__bold_xcdcz"
              >
                Оператор ставит своей важнейшей целью и условием осуществления своей деятельности соблюдение прав и свобод человека и гражданина при обработке его персональных данных, в том числе защиты прав на неприкосновенность частной жизни, личную и семейную тайну.
              </span>
            </li>
            <li>
              <span
                class="typography__primary-medium_xcdcz typography__bold_xcdcz"
              >
                Настоящая политика Оператора в отношении обработки персональных данных (далее – Политика) применяется ко всей информации, которую Оператор может получить о посетителях веб-сайта https://store.alfabank.ru.
              </span>
            </li>
          </ol>
        </li>
        <li>
          <div
            class="gap__gap_t9kgt gap__vertical_t9kgt"
            data-gap-size="xl"
          />
          <span
            class="typography__primary-medium_xcdcz typography__bold_xcdcz"
          >
            Основные понятия, используемые в Политике
          </span>
          <div
            class="gap__gap_t9kgt gap__vertical_t9kgt"
            data-gap-size="s"
          />
          <span
            class="typography__primary-medium_xcdcz typography__bold_xcdcz"
          />
          <div
            class="gap__gap_t9kgt gap__vertical_t9kgt"
            data-gap-size="s"
          />
          <ol>
            <li>
              <span
                class="typography__primary-medium_xcdcz typography__bold_xcdcz"
              >
                Автоматизированная обработка персональных данных – обработка персональных данных с помощью средств вычислительной техники;
              </span>
            </li>
            <li>
              <span
                class="typography__primary-medium_xcdcz typography__bold_xcdcz"
              >
                Блокирование персональных данных – временное прекращение обработки персональных данных (за исключением случаев, если обработка необходима для уточнения персональных данных);
              </span>
            </li>
            <li>
              <span
                class="typography__primary-medium_xcdcz typography__bold_xcdcz"
              >
                Веб-сайт – совокупность графических и информационных материалов, а также программ для ЭВМ и баз данных, обеспечивающих их доступность в сети интернет по сетевому адресу https://store.alfabank.ru;
              </span>
            </li>
            <li>
              <span
                class="typography__primary-medium_xcdcz typography__bold_xcdcz"
              >
                Информационная система персональных данных — совокупность содержащихся в базах данных персональных данных, и обеспечивающих их обработку информационных технологий и технических средств;
              </span>
            </li>
            <li>
              <span
                class="typography__primary-medium_xcdcz typography__bold_xcdcz"
              >
                Обезличивание персональных данных — действия, в результате которых невозможно определить без использования дополнительной информации принадлежность персональных данных конкретному Пользователю или иному субъекту персональных данных;
              </span>
            </li>
            <li>
              <span
                class="typography__primary-medium_xcdcz typography__bold_xcdcz"
              >
                Обработка персональных данных – любое действие (операция) или совокупность действий (операций), совершаемых с использованием средств автоматизации или без использования таких средств с персональными данными, включая сбор, запись, систематизацию, накопление, хранение, уточнение (обновление, изменение), извлечение, использование, передачу (распространение, предоставление, доступ), обезличивание, блокирование, удаление, уничтожение персональных данных;
              </span>
            </li>
            <li>
              <span
                class="typography__primary-medium_xcdcz typography__bold_xcdcz"
              >
                Оператор – государственный орган, муниципальный орган, юридическое или физическое лицо, самостоятельно или совместно с другими лицами организующие и (или) осуществляющие обработку персональных данных, а также определяющие цели обработки персональных данных, состав персональных данных, подлежащих обработке, действия (операции), совершаемые с персональными данными;
              </span>
            </li>
            <li>
              <span
                class="typography__primary-medium_xcdcz typography__bold_xcdcz"
              >
                Персональные данные – любая информация, относящаяся прямо или косвенно к определенному или определяемому Пользователю веб-сайта https://store.alfabank.ru;
              </span>
            </li>
            <li>
              <span
                class="typography__primary-medium_xcdcz typography__bold_xcdcz"
              >
                Пользователь – любой посетитель веб-сайта https://store.alfabank.ru;
              </span>
            </li>
            <li>
              <span
                class="typography__primary-medium_xcdcz typography__bold_xcdcz"
              >
                Предоставление персональных данных – действия, направленные на раскрытие персональных данных определенному лицу или определенному кругу лиц;
              </span>
            </li>
            <li>
              <span
                class="typography__primary-medium_xcdcz typography__bold_xcdcz"
              >
                Распространение персональных данных – любые действия, направленные на раскрытие персональных данных неопределенному кругу лиц (передача персональных данных) или на ознакомление с персональными данными неограниченного круга лиц, в том числе обнародование персональных данных в средствах массовой информации, размещение в информационно-телекоммуникационных сетях или предоставление доступа к персональным данным каким-либо иным способом;
              </span>
            </li>
            <li>
              <span
                class="typography__primary-medium_xcdcz typography__bold_xcdcz"
              >
                Трансграничная передача персональных данных – передача персональных данных на территорию иностранного государства органу власти иностранного государства, иностранному физическому или иностранному юридическому лицу;
              </span>
            </li>
            <li>
              <span
                class="typography__primary-medium_xcdcz typography__bold_xcdcz"
              >
                Уничтожение персональных данных – любые действия, в результате которых персональные данные уничтожаются безвозвратно с невозможностью дальнейшего восстановления содержания персональных данных в информационной системе персональных данных и (или) результате которых уничтожаются материальные носители персональных данных.
              </span>
            </li>
          </ol>
        </li>
        <li>
          <div
            class="gap__gap_t9kgt gap__vertical_t9kgt"
            data-gap-size="xl"
          />
          <span
            class="typography__primary-medium_xcdcz typography__bold_xcdcz"
          >
            Оператор может обрабатывать следующие персональные данные Пользователя
          </span>
          <div
            class="gap__gap_t9kgt gap__vertical_t9kgt"
            data-gap-size="s"
          />
          <span
            class="typography__primary-medium_xcdcz typography__bold_xcdcz"
          />
          <div
            class="gap__gap_t9kgt gap__vertical_t9kgt"
            data-gap-size="s"
          />
          <ol>
            <li>
              <span
                class="typography__primary-medium_xcdcz typography__bold_xcdcz"
              >
                Фамилия, имя, отчество;
              </span>
            </li>
            <li>
              <span
                class="typography__primary-medium_xcdcz typography__bold_xcdcz"
              >
                Электронный адрес;
              </span>
            </li>
            <li>
              <span
                class="typography__primary-medium_xcdcz typography__bold_xcdcz"
              >
                Номера телефонов;
              </span>
            </li>
            <li>
              <span
                class="typography__primary-medium_xcdcz typography__bold_xcdcz"
              >
                Адрес для доставки;
              </span>
            </li>
            <li>
              <span
                class="typography__primary-medium_xcdcz typography__bold_xcdcz"
              >
                Также на сайте происходит сбор и обработка обезличенных данных о посетителях (в т.ч. файлов «cookie») с помощью сервисов интернет-статистики (Яндекс Метрика и Гугл Аналитика и других).
              </span>
            </li>
            <li>
              <span
                class="typography__primary-medium_xcdcz typography__bold_xcdcz"
              >
                Вышеперечисленные данные далее по тексту Политики объединены общим понятием Персональные данные.
              </span>
            </li>
          </ol>
        </li>
        <li>
          <div
            class="gap__gap_t9kgt gap__vertical_t9kgt"
            data-gap-size="xl"
          />
          <span
            class="typography__primary-medium_xcdcz typography__bold_xcdcz"
          >
            Цели обработки персональных данных
          </span>
          <div
            class="gap__gap_t9kgt gap__vertical_t9kgt"
            data-gap-size="s"
          />
          <span
            class="typography__primary-medium_xcdcz typography__bold_xcdcz"
          />
          <div
            class="gap__gap_t9kgt gap__vertical_t9kgt"
            data-gap-size="s"
          />
          <ol>
            <li>
              <span
                class="typography__primary-medium_xcdcz typography__bold_xcdcz"
              >
                Цель обработки персональных данных Пользователя — заключение, исполнение и прекращение гражданско-правовых договоров; предоставление доступа Пользователю к сервисам, информации и/или материалам, содержащимся на веб-сайте https://store.alfabank.ru; уточнение деталей заказа.
              </span>
            </li>
            <li>
              <span
                class="typography__primary-medium_xcdcz typography__bold_xcdcz"
              >
                Также Оператор имеет право направлять Пользователю уведомления о новых продуктах и услугах, специальных предложениях и различных событиях. Пользователь всегда может отказаться от получения информационных сообщений, направив Оператору письмо на адрес электронной почты info@alfabankstore.ru с пометкой «Отказ от уведомлениях о новых продуктах и услугах и специальных предложениях».
              </span>
            </li>
            <li>
              <span
                class="typography__primary-medium_xcdcz typography__bold_xcdcz"
              >
                Обезличенные данные Пользователей, собираемые с помощью сервисов интернет-статистики, служат для сбора информации о действиях Пользователей на сайте, улучшения качества сайта и его содержания.
              </span>
            </li>
          </ol>
        </li>
        <li>
          <div
            class="gap__gap_t9kgt gap__vertical_t9kgt"
            data-gap-size="xl"
          />
          <span
            class="typography__primary-medium_xcdcz typography__bold_xcdcz"
          >
            Правовые основания обработки персональных данных
          </span>
          <div
            class="gap__gap_t9kgt gap__vertical_t9kgt"
            data-gap-size="s"
          />
          <span
            class="typography__primary-medium_xcdcz typography__bold_xcdcz"
          />
          <div
            class="gap__gap_t9kgt gap__vertical_t9kgt"
            data-gap-size="s"
          />
          <ol>
            <li>
              <span
                class="typography__primary-medium_xcdcz typography__bold_xcdcz"
              >
                Оператор обрабатывает персональные данные Пользователя только в случае их заполнения и/или отправки Пользователем самостоятельно через специальные формы, расположенные на сайте https://store.alfabank.ru. Заполняя соответствующие формы и/или отправляя свои персональные данные Оператору, Пользователь выражает свое согласие с данной Политикой.
              </span>
            </li>
            <li>
              <span
                class="typography__primary-medium_xcdcz typography__bold_xcdcz"
              >
                Оператор обрабатывает обезличенные данные о Пользователе в случае, если это разрешено в настройках браузера Пользователя (включено сохранение файлов «cookie» и использование технологии JavaScript).
              </span>
            </li>
          </ol>
        </li>
        <li>
          <div
            class="gap__gap_t9kgt gap__vertical_t9kgt"
            data-gap-size="xl"
          />
          <span
            class="typography__primary-medium_xcdcz typography__bold_xcdcz"
          >
            Порядок сбора, хранения, передачи и других видов обработки персональных данных
          </span>
          <div
            class="gap__gap_t9kgt gap__vertical_t9kgt"
            data-gap-size="s"
          />
          <span
            class="typography__primary-medium_xcdcz typography__bold_xcdcz"
          >
            Безопасность персональных данных, которые обрабатываются Оператором, обеспечивается путем реализации правовых, организационных и технических мер, необходимых для выполнения в полном объеме требований действующего законодательства в области защиты персональных данных.
          </span>
          <div
            class="gap__gap_t9kgt gap__vertical_t9kgt"
            data-gap-size="s"
          />
          <ol>
            <li>
              <span
                class="typography__primary-medium_xcdcz typography__bold_xcdcz"
              >
                Оператор обеспечивает сохранность персональных данных и принимает все возможные меры, исключающие доступ к персональным данным неуполномоченных лиц.
              </span>
            </li>
            <li>
              <span
                class="typography__primary-medium_xcdcz typography__bold_xcdcz"
              >
                Персональные данные Пользователя никогда, ни при каких условиях не будут переданы третьим лицам, за исключением случаев, связанных с исполнением действующего законодательства.
              </span>
            </li>
            <li>
              <span
                class="typography__primary-medium_xcdcz typography__bold_xcdcz"
              >
                В случае выявления неточностей в персональных данных, Пользователь может актуализировать их самостоятельно, путем направления Оператору уведомление на адрес электронной почты Оператора info@alfabankstore.ru с пометкой «Актуализация персональных данных».
              </span>
            </li>
            <li>
              <span
                class="typography__primary-medium_xcdcz typography__bold_xcdcz"
              >
                Срок обработки персональных данных является неограниченным. Пользователь может в любой момент отозвать свое согласие на обработку персональных данных, направив Оператору уведомление посредством электронной почты на электронный адрес Оператора info@alfabankstore.ru с пометкой «Отзыв согласия на обработку персональных данных».
              </span>
            </li>
          </ol>
        </li>
        <li>
          <div
            class="gap__gap_t9kgt gap__vertical_t9kgt"
            data-gap-size="xl"
          />
          <span
            class="typography__primary-medium_xcdcz typography__bold_xcdcz"
          >
            Трансграничная передача персональных данных
          </span>
          <div
            class="gap__gap_t9kgt gap__vertical_t9kgt"
            data-gap-size="s"
          />
          <span
            class="typography__primary-medium_xcdcz typography__bold_xcdcz"
          />
          <div
            class="gap__gap_t9kgt gap__vertical_t9kgt"
            data-gap-size="s"
          />
          <ol>
            <li>
              <span
                class="typography__primary-medium_xcdcz typography__bold_xcdcz"
              >
                Оператор до начала осуществления трансграничной передачи персональных данных обязан убедиться в том, что иностранным государством, на территорию которого предполагается осуществлять передачу персональных данных, обеспечивается надежная защита прав субъектов персональных данных.
              </span>
            </li>
            <li>
              <span
                class="typography__primary-medium_xcdcz typography__bold_xcdcz"
              >
                Трансграничная передача персональных данных на территории иностранных государств, не отвечающих вышеуказанным требованиям, может осуществляться только в случае наличия согласия в письменной форме субъекта персональных данных на трансграничную передачу его персональных данных и/или исполнения договора, стороной которого является субъект персональных данных.
              </span>
            </li>
          </ol>
        </li>
        <li>
          <div
            class="gap__gap_t9kgt gap__vertical_t9kgt"
            data-gap-size="xl"
          />
          <span
            class="typography__primary-medium_xcdcz typography__bold_xcdcz"
          >
            Заключительные положения
          </span>
          <div
            class="gap__gap_t9kgt gap__vertical_t9kgt"
            data-gap-size="s"
          />
          <span
            class="typography__primary-medium_xcdcz typography__bold_xcdcz"
          />
          <div
            class="gap__gap_t9kgt gap__vertical_t9kgt"
            data-gap-size="s"
          />
          <ol>
            <li>
              <span
                class="typography__primary-medium_xcdcz typography__bold_xcdcz"
              >
                Пользователь может получить любые разъяснения по интересующим вопросам, касающимся обработки его персональных данных, обратившись к Оператору с помощью электронной почты info@alfabankstore.ru.
              </span>
            </li>
            <li>
              <span
                class="typography__primary-medium_xcdcz typography__bold_xcdcz"
              >
                В данном документе будут отражены любые изменения политики обработки персональных данных Оператором. Политика действует бессрочно до замены ее новой версией.
              </span>
            </li>
            <li>
              <span
                class="typography__primary-medium_xcdcz typography__bold_xcdcz"
              >
                Актуальная версия Политики в свободном доступе расположена в сети Интернет по адресу https://store.alfabank.ru/policy.
              </span>
            </li>
          </ol>
        </li>
      </ol>
    </div>
  </body>,
  "container": <div>
    <h1
      class="typography__component_h1nzy typography__styrene-xsmall_qohs3 typography__bold_h1nzy"
    >
      Политика в отношении обработки персональных данных
    </h1>
    <ol>
      <li>
        <div
          class="gap__gap_t9kgt gap__vertical_t9kgt"
          data-gap-size="xl"
        />
        <span
          class="typography__primary-medium_xcdcz typography__bold_xcdcz"
        >
          Общие положения
        </span>
        <div
          class="gap__gap_t9kgt gap__vertical_t9kgt"
          data-gap-size="s"
        />
        <span
          class="typography__primary-medium_xcdcz typography__bold_xcdcz"
        >
          Настоящая политика обработки персональных данных составлена в соответствии с требованиями Федерального закона от 27.07.2006. №152-ФЗ «О персональных данных» и определяет порядок обработки персональных данных и меры по обеспечению безопасности персональных данных ООО «Альфа Фьюче Пипл» (далее – Оператор).
        </span>
        <div
          class="gap__gap_t9kgt gap__vertical_t9kgt"
          data-gap-size="s"
        />
        <ol>
          <li>
            <span
              class="typography__primary-medium_xcdcz typography__bold_xcdcz"
            >
              Оператор ставит своей важнейшей целью и условием осуществления своей деятельности соблюдение прав и свобод человека и гражданина при обработке его персональных данных, в том числе защиты прав на неприкосновенность частной жизни, личную и семейную тайну.
            </span>
          </li>
          <li>
            <span
              class="typography__primary-medium_xcdcz typography__bold_xcdcz"
            >
              Настоящая политика Оператора в отношении обработки персональных данных (далее – Политика) применяется ко всей информации, которую Оператор может получить о посетителях веб-сайта https://store.alfabank.ru.
            </span>
          </li>
        </ol>
      </li>
      <li>
        <div
          class="gap__gap_t9kgt gap__vertical_t9kgt"
          data-gap-size="xl"
        />
        <span
          class="typography__primary-medium_xcdcz typography__bold_xcdcz"
        >
          Основные понятия, используемые в Политике
        </span>
        <div
          class="gap__gap_t9kgt gap__vertical_t9kgt"
          data-gap-size="s"
        />
        <span
          class="typography__primary-medium_xcdcz typography__bold_xcdcz"
        />
        <div
          class="gap__gap_t9kgt gap__vertical_t9kgt"
          data-gap-size="s"
        />
        <ol>
          <li>
            <span
              class="typography__primary-medium_xcdcz typography__bold_xcdcz"
            >
              Автоматизированная обработка персональных данных – обработка персональных данных с помощью средств вычислительной техники;
            </span>
          </li>
          <li>
            <span
              class="typography__primary-medium_xcdcz typography__bold_xcdcz"
            >
              Блокирование персональных данных – временное прекращение обработки персональных данных (за исключением случаев, если обработка необходима для уточнения персональных данных);
            </span>
          </li>
          <li>
            <span
              class="typography__primary-medium_xcdcz typography__bold_xcdcz"
            >
              Веб-сайт – совокупность графических и информационных материалов, а также программ для ЭВМ и баз данных, обеспечивающих их доступность в сети интернет по сетевому адресу https://store.alfabank.ru;
            </span>
          </li>
          <li>
            <span
              class="typography__primary-medium_xcdcz typography__bold_xcdcz"
            >
              Информационная система персональных данных — совокупность содержащихся в базах данных персональных данных, и обеспечивающих их обработку информационных технологий и технических средств;
            </span>
          </li>
          <li>
            <span
              class="typography__primary-medium_xcdcz typography__bold_xcdcz"
            >
              Обезличивание персональных данных — действия, в результате которых невозможно определить без использования дополнительной информации принадлежность персональных данных конкретному Пользователю или иному субъекту персональных данных;
            </span>
          </li>
          <li>
            <span
              class="typography__primary-medium_xcdcz typography__bold_xcdcz"
            >
              Обработка персональных данных – любое действие (операция) или совокупность действий (операций), совершаемых с использованием средств автоматизации или без использования таких средств с персональными данными, включая сбор, запись, систематизацию, накопление, хранение, уточнение (обновление, изменение), извлечение, использование, передачу (распространение, предоставление, доступ), обезличивание, блокирование, удаление, уничтожение персональных данных;
            </span>
          </li>
          <li>
            <span
              class="typography__primary-medium_xcdcz typography__bold_xcdcz"
            >
              Оператор – государственный орган, муниципальный орган, юридическое или физическое лицо, самостоятельно или совместно с другими лицами организующие и (или) осуществляющие обработку персональных данных, а также определяющие цели обработки персональных данных, состав персональных данных, подлежащих обработке, действия (операции), совершаемые с персональными данными;
            </span>
          </li>
          <li>
            <span
              class="typography__primary-medium_xcdcz typography__bold_xcdcz"
            >
              Персональные данные – любая информация, относящаяся прямо или косвенно к определенному или определяемому Пользователю веб-сайта https://store.alfabank.ru;
            </span>
          </li>
          <li>
            <span
              class="typography__primary-medium_xcdcz typography__bold_xcdcz"
            >
              Пользователь – любой посетитель веб-сайта https://store.alfabank.ru;
            </span>
          </li>
          <li>
            <span
              class="typography__primary-medium_xcdcz typography__bold_xcdcz"
            >
              Предоставление персональных данных – действия, направленные на раскрытие персональных данных определенному лицу или определенному кругу лиц;
            </span>
          </li>
          <li>
            <span
              class="typography__primary-medium_xcdcz typography__bold_xcdcz"
            >
              Распространение персональных данных – любые действия, направленные на раскрытие персональных данных неопределенному кругу лиц (передача персональных данных) или на ознакомление с персональными данными неограниченного круга лиц, в том числе обнародование персональных данных в средствах массовой информации, размещение в информационно-телекоммуникационных сетях или предоставление доступа к персональным данным каким-либо иным способом;
            </span>
          </li>
          <li>
            <span
              class="typography__primary-medium_xcdcz typography__bold_xcdcz"
            >
              Трансграничная передача персональных данных – передача персональных данных на территорию иностранного государства органу власти иностранного государства, иностранному физическому или иностранному юридическому лицу;
            </span>
          </li>
          <li>
            <span
              class="typography__primary-medium_xcdcz typography__bold_xcdcz"
            >
              Уничтожение персональных данных – любые действия, в результате которых персональные данные уничтожаются безвозвратно с невозможностью дальнейшего восстановления содержания персональных данных в информационной системе персональных данных и (или) результате которых уничтожаются материальные носители персональных данных.
            </span>
          </li>
        </ol>
      </li>
      <li>
        <div
          class="gap__gap_t9kgt gap__vertical_t9kgt"
          data-gap-size="xl"
        />
        <span
          class="typography__primary-medium_xcdcz typography__bold_xcdcz"
        >
          Оператор может обрабатывать следующие персональные данные Пользователя
        </span>
        <div
          class="gap__gap_t9kgt gap__vertical_t9kgt"
          data-gap-size="s"
        />
        <span
          class="typography__primary-medium_xcdcz typography__bold_xcdcz"
        />
        <div
          class="gap__gap_t9kgt gap__vertical_t9kgt"
          data-gap-size="s"
        />
        <ol>
          <li>
            <span
              class="typography__primary-medium_xcdcz typography__bold_xcdcz"
            >
              Фамилия, имя, отчество;
            </span>
          </li>
          <li>
            <span
              class="typography__primary-medium_xcdcz typography__bold_xcdcz"
            >
              Электронный адрес;
            </span>
          </li>
          <li>
            <span
              class="typography__primary-medium_xcdcz typography__bold_xcdcz"
            >
              Номера телефонов;
            </span>
          </li>
          <li>
            <span
              class="typography__primary-medium_xcdcz typography__bold_xcdcz"
            >
              Адрес для доставки;
            </span>
          </li>
          <li>
            <span
              class="typography__primary-medium_xcdcz typography__bold_xcdcz"
            >
              Также на сайте происходит сбор и обработка обезличенных данных о посетителях (в т.ч. файлов «cookie») с помощью сервисов интернет-статистики (Яндекс Метрика и Гугл Аналитика и других).
            </span>
          </li>
          <li>
            <span
              class="typography__primary-medium_xcdcz typography__bold_xcdcz"
            >
              Вышеперечисленные данные далее по тексту Политики объединены общим понятием Персональные данные.
            </span>
          </li>
        </ol>
      </li>
      <li>
        <div
          class="gap__gap_t9kgt gap__vertical_t9kgt"
          data-gap-size="xl"
        />
        <span
          class="typography__primary-medium_xcdcz typography__bold_xcdcz"
        >
          Цели обработки персональных данных
        </span>
        <div
          class="gap__gap_t9kgt gap__vertical_t9kgt"
          data-gap-size="s"
        />
        <span
          class="typography__primary-medium_xcdcz typography__bold_xcdcz"
        />
        <div
          class="gap__gap_t9kgt gap__vertical_t9kgt"
          data-gap-size="s"
        />
        <ol>
          <li>
            <span
              class="typography__primary-medium_xcdcz typography__bold_xcdcz"
            >
              Цель обработки персональных данных Пользователя — заключение, исполнение и прекращение гражданско-правовых договоров; предоставление доступа Пользователю к сервисам, информации и/или материалам, содержащимся на веб-сайте https://store.alfabank.ru; уточнение деталей заказа.
            </span>
          </li>
          <li>
            <span
              class="typography__primary-medium_xcdcz typography__bold_xcdcz"
            >
              Также Оператор имеет право направлять Пользователю уведомления о новых продуктах и услугах, специальных предложениях и различных событиях. Пользователь всегда может отказаться от получения информационных сообщений, направив Оператору письмо на адрес электронной почты info@alfabankstore.ru с пометкой «Отказ от уведомлениях о новых продуктах и услугах и специальных предложениях».
            </span>
          </li>
          <li>
            <span
              class="typography__primary-medium_xcdcz typography__bold_xcdcz"
            >
              Обезличенные данные Пользователей, собираемые с помощью сервисов интернет-статистики, служат для сбора информации о действиях Пользователей на сайте, улучшения качества сайта и его содержания.
            </span>
          </li>
        </ol>
      </li>
      <li>
        <div
          class="gap__gap_t9kgt gap__vertical_t9kgt"
          data-gap-size="xl"
        />
        <span
          class="typography__primary-medium_xcdcz typography__bold_xcdcz"
        >
          Правовые основания обработки персональных данных
        </span>
        <div
          class="gap__gap_t9kgt gap__vertical_t9kgt"
          data-gap-size="s"
        />
        <span
          class="typography__primary-medium_xcdcz typography__bold_xcdcz"
        />
        <div
          class="gap__gap_t9kgt gap__vertical_t9kgt"
          data-gap-size="s"
        />
        <ol>
          <li>
            <span
              class="typography__primary-medium_xcdcz typography__bold_xcdcz"
            >
              Оператор обрабатывает персональные данные Пользователя только в случае их заполнения и/или отправки Пользователем самостоятельно через специальные формы, расположенные на сайте https://store.alfabank.ru. Заполняя соответствующие формы и/или отправляя свои персональные данные Оператору, Пользователь выражает свое согласие с данной Политикой.
            </span>
          </li>
          <li>
            <span
              class="typography__primary-medium_xcdcz typography__bold_xcdcz"
            >
              Оператор обрабатывает обезличенные данные о Пользователе в случае, если это разрешено в настройках браузера Пользователя (включено сохранение файлов «cookie» и использование технологии JavaScript).
            </span>
          </li>
        </ol>
      </li>
      <li>
        <div
          class="gap__gap_t9kgt gap__vertical_t9kgt"
          data-gap-size="xl"
        />
        <span
          class="typography__primary-medium_xcdcz typography__bold_xcdcz"
        >
          Порядок сбора, хранения, передачи и других видов обработки персональных данных
        </span>
        <div
          class="gap__gap_t9kgt gap__vertical_t9kgt"
          data-gap-size="s"
        />
        <span
          class="typography__primary-medium_xcdcz typography__bold_xcdcz"
        >
          Безопасность персональных данных, которые обрабатываются Оператором, обеспечивается путем реализации правовых, организационных и технических мер, необходимых для выполнения в полном объеме требований действующего законодательства в области защиты персональных данных.
        </span>
        <div
          class="gap__gap_t9kgt gap__vertical_t9kgt"
          data-gap-size="s"
        />
        <ol>
          <li>
            <span
              class="typography__primary-medium_xcdcz typography__bold_xcdcz"
            >
              Оператор обеспечивает сохранность персональных данных и принимает все возможные меры, исключающие доступ к персональным данным неуполномоченных лиц.
            </span>
          </li>
          <li>
            <span
              class="typography__primary-medium_xcdcz typography__bold_xcdcz"
            >
              Персональные данные Пользователя никогда, ни при каких условиях не будут переданы третьим лицам, за исключением случаев, связанных с исполнением действующего законодательства.
            </span>
          </li>
          <li>
            <span
              class="typography__primary-medium_xcdcz typography__bold_xcdcz"
            >
              В случае выявления неточностей в персональных данных, Пользователь может актуализировать их самостоятельно, путем направления Оператору уведомление на адрес электронной почты Оператора info@alfabankstore.ru с пометкой «Актуализация персональных данных».
            </span>
          </li>
          <li>
            <span
              class="typography__primary-medium_xcdcz typography__bold_xcdcz"
            >
              Срок обработки персональных данных является неограниченным. Пользователь может в любой момент отозвать свое согласие на обработку персональных данных, направив Оператору уведомление посредством электронной почты на электронный адрес Оператора info@alfabankstore.ru с пометкой «Отзыв согласия на обработку персональных данных».
            </span>
          </li>
        </ol>
      </li>
      <li>
        <div
          class="gap__gap_t9kgt gap__vertical_t9kgt"
          data-gap-size="xl"
        />
        <span
          class="typography__primary-medium_xcdcz typography__bold_xcdcz"
        >
          Трансграничная передача персональных данных
        </span>
        <div
          class="gap__gap_t9kgt gap__vertical_t9kgt"
          data-gap-size="s"
        />
        <span
          class="typography__primary-medium_xcdcz typography__bold_xcdcz"
        />
        <div
          class="gap__gap_t9kgt gap__vertical_t9kgt"
          data-gap-size="s"
        />
        <ol>
          <li>
            <span
              class="typography__primary-medium_xcdcz typography__bold_xcdcz"
            >
              Оператор до начала осуществления трансграничной передачи персональных данных обязан убедиться в том, что иностранным государством, на территорию которого предполагается осуществлять передачу персональных данных, обеспечивается надежная защита прав субъектов персональных данных.
            </span>
          </li>
          <li>
            <span
              class="typography__primary-medium_xcdcz typography__bold_xcdcz"
            >
              Трансграничная передача персональных данных на территории иностранных государств, не отвечающих вышеуказанным требованиям, может осуществляться только в случае наличия согласия в письменной форме субъекта персональных данных на трансграничную передачу его персональных данных и/или исполнения договора, стороной которого является субъект персональных данных.
            </span>
          </li>
        </ol>
      </li>
      <li>
        <div
          class="gap__gap_t9kgt gap__vertical_t9kgt"
          data-gap-size="xl"
        />
        <span
          class="typography__primary-medium_xcdcz typography__bold_xcdcz"
        >
          Заключительные положения
        </span>
        <div
          class="gap__gap_t9kgt gap__vertical_t9kgt"
          data-gap-size="s"
        />
        <span
          class="typography__primary-medium_xcdcz typography__bold_xcdcz"
        />
        <div
          class="gap__gap_t9kgt gap__vertical_t9kgt"
          data-gap-size="s"
        />
        <ol>
          <li>
            <span
              class="typography__primary-medium_xcdcz typography__bold_xcdcz"
            >
              Пользователь может получить любые разъяснения по интересующим вопросам, касающимся обработки его персональных данных, обратившись к Оператору с помощью электронной почты info@alfabankstore.ru.
            </span>
          </li>
          <li>
            <span
              class="typography__primary-medium_xcdcz typography__bold_xcdcz"
            >
              В данном документе будут отражены любые изменения политики обработки персональных данных Оператором. Политика действует бессрочно до замены ее новой версией.
            </span>
          </li>
          <li>
            <span
              class="typography__primary-medium_xcdcz typography__bold_xcdcz"
            >
              Актуальная версия Политики в свободном доступе расположена в сети Интернет по адресу https://store.alfabank.ru/policy.
            </span>
          </li>
        </ol>
      </li>
    </ol>
  </div>,
  "debug": [Function],
  "findAllByAltText": [Function],
  "findAllByDisplayValue": [Function],
  "findAllByLabelText": [Function],
  "findAllByPlaceholderText": [Function],
  "findAllByRole": [Function],
  "findAllByTestId": [Function],
  "findAllByText": [Function],
  "findAllByTitle": [Function],
  "findByAltText": [Function],
  "findByDisplayValue": [Function],
  "findByLabelText": [Function],
  "findByPlaceholderText": [Function],
  "findByRole": [Function],
  "findByTestId": [Function],
  "findByText": [Function],
  "findByTitle": [Function],
  "getAllByAltText": [Function],
  "getAllByDisplayValue": [Function],
  "getAllByLabelText": [Function],
  "getAllByPlaceholderText": [Function],
  "getAllByRole": [Function],
  "getAllByTestId": [Function],
  "getAllByText": [Function],
  "getAllByTitle": [Function],
  "getByAltText": [Function],
  "getByDisplayValue": [Function],
  "getByLabelText": [Function],
  "getByPlaceholderText": [Function],
  "getByRole": [Function],
  "getByTestId": [Function],
  "getByText": [Function],
  "getByTitle": [Function],
  "queryAllByAltText": [Function],
  "queryAllByDisplayValue": [Function],
  "queryAllByLabelText": [Function],
  "queryAllByPlaceholderText": [Function],
  "queryAllByRole": [Function],
  "queryAllByTestId": [Function],
  "queryAllByText": [Function],
  "queryAllByTitle": [Function],
  "queryByAltText": [Function],
  "queryByDisplayValue": [Function],
  "queryByLabelText": [Function],
  "queryByPlaceholderText": [Function],
  "queryByRole": [Function],
  "queryByTestId": [Function],
  "queryByText": [Function],
  "queryByTitle": [Function],
  "rerender": [Function],
  "unmount": [Function],
}
`;
